Starting CAP Project Generator...
Using @sap/cds-dk [9.9.1] from /extbin/globals/bun/global/install/node_modules/@sap/cds-dk
Using @sap/generator-cap-project [2.0.6] from [/extbin/globals/bun/global/install/node_modules/@sap/generator-cap-project]
Using root path [/home/user/projects]

Creating project with approuter, connectivity, destination, hana, mta, nodejs, pipeline, xsuaa

Adding facet: nodejs
Adding facet: mta
Adding facet: xsuaa
Adding facet: hana
Adding facet: approuter
Adding facet: connectivity
Adding facet: destination
Adding facet: pipeline

Successfully initialized CAP project
Continue with: code Inventory-assistant 
for information on project "Piper" and its pipelines see https://www.project-piper.io/


Installing dependencies...

added 261 packages, and audited 262 packages in 3s

39 packages are looking for funding
  run `npm fund` for details

found 0 vulnerabilities

Finished installing dependencies

Done setting up project Inventory-assistant
Project is ready to use

